				==========================================================
								4. range
				==========================================================
=>Here 'range' is one of the Pre-Defined Class and Treated and Sequence Data type.
=>The purpose of 'range' data type is that "To store sequence of Integer values by maintaining Equal Interval of Value 
    (step) either in Forward OR backward Direction "
=>An Object of range Maintains Insertion Order.
=>On the Object of range, we can perform both Indexing and Slicing Operations
=>An Object of range belongs to IMMUTABLE bcoz 'range' object does not support item assignment
=>To store sequence of Integer values by maintaining Equal Interval of Value (step) either in Forward OR backward Direction, we have 3 Pre-Defined Functions(Syntxes) . They are
				1. range(value)
				2. range(Start,Stop)
				3. range(Start,Stop,Step)
--------------------------------------------------------------------------------------------------------------------------------------------------------------
1. range(value)
--------------------------------------------------------------------------------------------------------------------------------------------------------------
=>Syntax:   varname=range(Value)
=>This Syntax generates range of Values from 0 to Value-1
----------------------
Examples
----------------------
>>> r=range(5)
>>> print(r,type(r))----------------range(0, 5) <class 'range'>
>>> for v in r:
...		print(v)
...
			0
			1
			2
			3
			4
>>> for v in range(6):
...		print(v)
...
			0
			1
			2
			3
			4
			5
NOTE: default step in this Syntax is +1 in Forward Direction.
--------------------------------------------------------------------------------------------------------------------------------------------------------------
2. range(Start,Stop)
--------------------------------------------------------------------------------------------------------------------------------------------------------------
=>Syntax:   varname=range(Start,Stop)
=>This Syntax generates range of Values from Start to Stop-1
----------------------
Examples
----------------------
>>> r=range(10,16)
>>> print(r,type(r))-------------------range(10, 16) <class 'range'>
>>> for v in r:
...		print(v)
...
			10
			11
			12
			13
			14
			15
>>> for v in range(100,105):
...		print(v)
...
			100
			101
			102
			103
			104
NOTE: default step in this Syntax is +1 in Forward Direction.
--------------------------------------------------------------------------------------------------------------------------------------------------------------
3. range(Start,Stop,Step)
--------------------------------------------------------------------------------------------------------------------------------------------------------------
=>Syntax:   varname=range(Start,Stop,Step)
=>This Syntax generates range of Values from Start to Stop-1 either in Forward OR Backward direction by maintaining equal Interval of step.
-----------------------------
Examples
----------------------------
>>> r=range(20,31,2)
>>> print(r,type(r))-----------range(20, 31, 2) <class 'range'>
>>> for v in r:
...		print(v)
...
		20
		22
		24
		26
		28
		30
>>> for v in range(100,110,2):
...		print(v)
...
		100
		102
		104
		106
		108
------------------------------
>>> for v in range(-1,-6,-1):
...		print(v)
...
		-1
		-2
		-3
		-4
		-5
------------------------------------------
>>> r=range(-1,-6,-1)
>>> print(r,type(r))---------------------------range(-1, -6, -1) <class 'range'>
>>> r[0]-----------------------------  -1
>>> r[-1]----------------------------  -5
>>> r[0]=10----------------------------TypeError: 'range' object does not support item assignment
--------------------------------------------------------------------------------------------------------------------------------------------------------------
===============================================================
					Programming Examples in range
===============================================================
Q1.    0  1  2  3  4  5  6  7  8   9-----------range(10)  OR range(0,10) Or range(0,10,1)

>>> for v in range(10):
...     print(v)
...
0
1
2
3
4
5
6
7
8
9
>>> for v in range(0,10):
...     print(v)
...
0
1
2
3
4
5
6
7
8
9
>>> for v in range(0,10,1):
...     print(v)
...
0
1
2
3
4
5
6
7
8
9
--------------------------------------------------------------------------------------------------------------------------------------------------------------
Q2.   10 11 12 13  14  15  16  17 18 19 20------range(10,21)  OR range(10,21,1)
--------------------------------------------------------------------------------------------------------------------------------------------------------------
>>> for v in range(10,21):
...     print(v)
...
10
11
12
13
14
15
16
17
18
19
20
>>> for val in range(10,21,1):
...     print(val)
...
10
11
12
13
14
15
16
17
18
19
20
>>>
--------------------------------------------------------------------------------------------------------------------------------------------------------------
Q3.    1000  1001  1002   1003   1004  1005-----range(1000,1006) OR range(1000,1006,1)
--------------------------------------------------------------------------------------------------------------------------------------------------------------
>>> for val in range(1000,1006):
...		print(val)
...
		1000
		1001
		1002
		1003
		1004
		1005
>>> for val in range(1000,1006,1):
...		print(val)
...
		1000
		1001
		1002
		1003
		1004
		1005
-------------------------------------------------------------------------------------------------------------------------------------------------------------
Q4.    -1   -2  -3   -4   -5   -6  -7  -------range(-1,-8,-1) 

>>> for v in range(-1,-8,-1):
...     print(v)
...
-1
-2
-3
-4
-5
-6
-7
--------------------------------------------------------------------------------------------------------------------------------------------------------------
Q5.   -10  -9  -8  -7  -6  -5  -4  -3  -2   -1 -------range(-10,0,1) OR range(-10,0)
>>> for v in range(-10,0,1):
...      print(v)
...
-10
-9
-8
-7
-6
-5
-4
-3
-2
-1
>>> for v in range(-10,0):
...      print(v)
...
-10
-9
-8
-7
-6
-5
-4
-3
-2
-1
>>>
--------------------------------------------------------------------------------------------------------------------------------------------------------------
Q6.   10   12  14   16  18  20---------range(10,21,2)  OR range(10,22,2)
>>> for v in range(10,21,2):
...      print(v)
...
10
12
14
16
18
20
>>> for v in range(10,22,2):
...      print(v)
...
10
12
14
16
18
20
-------------------------------------------------------------------------------------------------------------------------------------------------------------
Q7.   100   110   120   130  140  150----------range(100,151,10)
>>> for val in range(100,151,10):
...      print(val)
...
100
110
120
130
140
150
-------------------------------------------------------------------------------------------------------------------------------------------------------------
Q8.   1000  990  980  970  960  950------range(1000,940,-10)
>>> for v in range(1000,940,-10):
...      print(v)
...
1000
990
980
970
960
950
>>> for v in range(1000,949,-10):
...      print(v)
...
1000
990
980
970
960
950
>>>
-------------------------------------------------------------------------------------------------------------------------------------------------------------
Q9.   -1000  -1050  -1100  -1150   -1200-----range(-1000,-1250 ,-50)
>>> for v in range(-1000,-1250 ,-50):
...      print(v)
...
		-1000
		-1050
		-1100
		-1150
		-1200
------------------------------------------------------------------------------------------------------------------------------------------------------------
Q10.   -500  -400  -300  -200 -100 -----------range(-500, 0,100)
>>> for v in range(-500, 0,100):
...      print(v)
...
-500
-400
-300
-200
-100
-------------------------------------------------------------------------------------------------------------------------------------------------------------
Q11.   -5  -4  -3   -2  -1  0   1  2  3  4  5---------------range(-5,6)  OR range(-5,6,1) 
>>> for v in range(-5,6):
...      print(v)
...
-5
-4
-3
-2
-1
0
1
2
3
4
5
>>> for v in range(-5,6,1):
...      print(v)
...
-5
-4
-3
-2
-1
0
1
2
3
4
5
-----------------------------------------------------
Misc points
-----------------------------------------------------
>>> r=range(100,111,2)
>>> print(r[-1])
110
>>> for val in range(10,0,-1)[::-1]:
...      print(val)
...
1
2
3
4
5
6
7
8
9
10
>>> for val in range(100,1001,100)[::2]:
...      print(val)
...
100
300
500
700
900
>>> print(range(1000,1020,3)[-2])
1015
>>> for v in range(400,501,20)[1:4]:
...      print(v)
...
420
440
460
=====================================x============================================
